[dotenv@17.2.2] injecting env (7) from .env -- tip: ­ƒôí observe env with Radar: https://dotenvx.com/radar
[dotenv@17.2.2] injecting env (0) from .env -- tip: ÔÜÖ´©Å  write to custom object with { processEnv: myObject }
node : C:\Users\eduar\OneDrive\Documentos\Desarrollo WEB\Cine\backend\node_modules\path-to-regexp\dist\index.js:73
En línea: 1 Carácter: 1
+ node server.js 2>&1 | Tee-Object -FilePath error_log.txt
+ ~~~~~~~~~~~~~~~~~~~
    + CategoryInfo          : NotSpecified: (C:\Users\eduar\...ist\index.js:73:String) [], RemoteException
    + FullyQualifiedErrorId : NativeCommandError
 
            throw new TypeError(`Missing parameter name at ${i}: ${DEBUG_URL}`);
            ^

TypeError: Missing parameter name at 1: https://git.new/pathToRegexpError
    at name (C:\Users\eduar\OneDrive\Documentos\Desarrollo WEB\Cine\backend\node_modules\path-to-regexp\dist\index.js:73:19)
    at lexer (C:\Users\eduar\OneDrive\Documentos\Desarrollo WEB\Cine\backend\node_modules\path-to-regexp\dist\index.js:91:27)
    at lexer.next (<anonymous>)
    at Iter.peek (C:\Users\eduar\OneDrive\Documentos\Desarrollo WEB\Cine\backend\node_modules\path-to-regexp\dist\index.js:106:38)
    at Iter.tryConsume (C:\Users\eduar\OneDrive\Documentos\Desarrollo WEB\Cine\backend\node_modules\path-to-regexp\dist\index.js:112:28)
    at Iter.text (C:\Users\eduar\OneDrive\Documentos\Desarrollo WEB\Cine\backend\node_modules\path-to-regexp\dist\index.js:128:30)
    at consume (C:\Users\eduar\OneDrive\Documentos\Desarrollo WEB\Cine\backend\node_modules\path-to-regexp\dist\index.js:152:29)
    at parse (C:\Users\eduar\OneDrive\Documentos\Desarrollo WEB\Cine\backend\node_modules\path-to-regexp\dist\index.js:183:20)
    at C:\Users\eduar\OneDrive\Documentos\Desarrollo WEB\Cine\backend\node_modules\path-to-regexp\dist\index.js:294:74
    at Array.map (<anonymous>)

Node.js v22.18.0
